buttons.c:52:6:TDA7719_SetVolume_Master	24	static
buttons.c:69:6:TDA7719_SetVolumeFront_LeftRight	16	static
buttons.c:84:6:Check_Volume_Range_Front	16	static
buttons.c:101:6:TDA7719_SetVolumeBack_LeftRight	16	static
buttons.c:115:6:Check_Volume_Range_Back	16	static
buttons.c:133:6:Check_Loudness_Param_Range	16	static
buttons.c:151:6:Check_Bass_Param_Range	16	static
buttons.c:169:6:Check_Middle_Param_Range	16	static
buttons.c:187:6:Check_Treble_Param_Range	16	static
buttons.c:204:6:any_buttons_pressed_routine	8	static
buttons.c:297:6:HAL_GPIO_EXTI_Callback	16	static
buttons.c:321:6:Button_pressed_change_screen	8	static
buttons.c:379:6:Button_pressed_accept	8	static
buttons.c:427:6:Button_pressed_set_down	8	static
buttons.c:477:6:Button_pressed_set_up	8	static
buttons.c:540:6:Encoder_button_volume_front	8	static
buttons.c:587:6:Encoder_button_volume_back	8	static
buttons.c:621:6:Encoder_button_loudness	4	static
buttons.c:646:6:Encoder_button_treble	4	static
buttons.c:651:6:Encoder_button_middle	4	static
buttons.c:656:6:Encoder_button_bass	4	static
buttons.c:678:6:Power_button_pressed	8	static
buttons.c:748:13:Save_Station_Freq_2	8	static
buttons.c:775:13:Save_Station_Freq_1	8	static
buttons.c:803:13:Change_selected_setting	4	static
buttons.c:833:13:Change_Down_Settings	8	static
buttons.c:901:13:Change_Up_Settings	8	static
buttons.c:967:13:Change_Down_Input	8	static
buttons.c:1010:13:Change_Up_Input	8	static
buttons.c:1052:13:Change_FFT_source_Up	8	static
buttons.c:1065:13:Change_FFT_source_Down	8	static
buttons.c:1078:13:Read_Set_TimeAndDate	8	static
