core_cm4.h:1933:34:__NVIC_SystemReset	4	static,ignoring_inline_asm
main.c:206:5:main	8	static
main.c:292:6:SystemClock_Config	104	static
main.c:349:6:PeriphCommonClock_Config	160	static
main.c:379:13:MX_NVIC_Init	8	static
main.c:451:6:HAL_TIM_OC_DelayElapsedCallback	16	static
main.c:483:6:HAL_TIM_IC_CaptureCallback	16	static
main.c:531:6:HAL_ADC_ConvCpltCallback	16	static
main.c:554:6:set_init_values	4	static
main.c:589:7:calc_pwm	24	static
main.c:597:6:change_power_led_brigh	8	static
main.c:650:6:Error_Handler	8	static,ignoring_inline_asm
