core_cm4.h:1933:34:__NVIC_SystemReset	4	static,ignoring_inline_asm
main.c:216:5:main	8	static
main.c:306:6:SystemClock_Config	104	static
main.c:355:6:PeriphCommonClock_Config	160	static
main.c:381:13:MX_NVIC_Init	8	static
main.c:453:6:HAL_TIM_OC_DelayElapsedCallback	16	static
main.c:485:6:HAL_TIM_IC_CaptureCallback	16	static
main.c:533:6:set_init_values	4	static
main.c:568:7:calc_pwm	24	static
main.c:576:6:change_power_led_brigh	8	static
main.c:623:7:complexABS	16	static
main.c:629:6:CalculateFFT	8216	static
main.c:680:6:check_FFT_flag	16	static
main.c:696:10:map	24	static
main.c:703:9:SplitNumberToDignits	16	static
main.c:712:6:HAL_ADC_ConvCpltCallback	16	static
main.c:769:6:ADC_calc_UV_value	16	static
main.c:806:6:Error_Handler	8	static,ignoring_inline_asm
