stm32l4xx_it.c:85:6:NMI_Handler	4	static
stm32l4xx_it.c:100:6:HardFault_Handler	4	static
stm32l4xx_it.c:115:6:MemManage_Handler	4	static
stm32l4xx_it.c:130:6:BusFault_Handler	4	static
stm32l4xx_it.c:145:6:UsageFault_Handler	4	static
stm32l4xx_it.c:160:6:SVC_Handler	4	static
stm32l4xx_it.c:173:6:DebugMon_Handler	4	static
stm32l4xx_it.c:186:6:PendSV_Handler	4	static
stm32l4xx_it.c:199:6:SysTick_Handler	8	static
stm32l4xx_it.c:220:6:EXTI0_IRQHandler	8	static
stm32l4xx_it.c:234:6:EXTI1_IRQHandler	8	static
stm32l4xx_it.c:248:6:EXTI2_IRQHandler	8	static
stm32l4xx_it.c:262:6:DMA1_Channel1_IRQHandler	8	static
stm32l4xx_it.c:276:6:DMA1_Channel3_IRQHandler	8	static
stm32l4xx_it.c:290:6:ADC1_2_IRQHandler	8	static
stm32l4xx_it.c:305:6:EXTI9_5_IRQHandler	8	static
stm32l4xx_it.c:320:6:TIM1_BRK_TIM15_IRQHandler	8	static
stm32l4xx_it.c:335:6:TIM1_UP_TIM16_IRQHandler	8	static
stm32l4xx_it.c:350:6:TIM1_TRG_COM_TIM17_IRQHandler	8	static
stm32l4xx_it.c:365:6:TIM1_CC_IRQHandler	8	static
stm32l4xx_it.c:379:6:TIM2_IRQHandler	8	static
stm32l4xx_it.c:393:6:TIM3_IRQHandler	8	static
stm32l4xx_it.c:407:6:TIM4_IRQHandler	8	static
stm32l4xx_it.c:421:6:EXTI15_10_IRQHandler	8	static
stm32l4xx_it.c:437:6:RTC_Alarm_IRQHandler	8	static
stm32l4xx_it.c:451:6:TIM8_CC_IRQHandler	8	static
stm32l4xx_it.c:465:6:TIM5_IRQHandler	8	static
stm32l4xx_it.c:479:6:SPI3_IRQHandler	8	static
stm32l4xx_it.c:493:6:TIM6_DAC_IRQHandler	8	static
