TDA7719.c:38:6:TDA7719_init	8	static
TDA7719.c:169:6:TDA7719_SetMainInput	16	static
TDA7719.c:185:6:TDA7719_SetInputGain	16	static
TDA7719.c:201:6:TDA7719_SetInputConfig	16	static
TDA7719.c:222:6:TDA7719_SetSecondInput	16	static
TDA7719.c:240:6:TDA7719_SetSecondSourceInputGain	16	static
TDA7719.c:253:6:TDA7719_SetBypass	8	static
TDA7719.c:268:6:TDA7719_SetMixingSource	16	static
TDA7719.c:281:6:TDA7719_SetMixingAttenuator	16	static
TDA7719.c:297:6:TDA7719_SetMixSourceTo	16	static
TDA7719.c:319:6:TDA7719_SetRearSpeakerInput	16	static
TDA7719.c:335:6:TDA7719_SetSoftMute	16	static
TDA7719.c:352:6:TDA7719_SetSubwooferConfig	16	static
TDA7719.c:375:6:TDA7719_SetLoudness	24	static
TDA7719.c:395:6:TDA7719_SetVolume	16	static
TDA7719.c:446:6:TDA7719_SetTreble	16	static
TDA7719.c:498:6:TDA7719_SetMiddle	16	static
TDA7719.c:549:6:TDA7719_SetBass	16	static
TDA7719.c:601:6:TDA7719_SetSMB	24	static
TDA7719.c:621:6:TDA7719_SetVolume_LeftFront	16	static
TDA7719.c:639:6:TDA7719_SetVolume_RightFront	16	static
TDA7719.c:657:6:TDA7719_SetVolume_LeftRear	16	static
TDA7719.c:675:6:TDA7719_SetVolume_RightRear	16	static
TDA7719.c:686:6:TDA7719_SetVol_SUB_L	16	static
TDA7719.c:694:6:TDA7719_SetVol_SUB_R	16	static
TDA7719.c:704:6:check_volumes_ranges	4	static
TDA7719.c:729:13:I2C_send	32	static
