eeprom.c:10:10:bytestowrite	16	static
eeprom.c:18:6:float2Bytes	24	static
eeprom.c:35:7:Bytes2float	32	static
eeprom.c:62:6:EEPROM_Write	64	static
eeprom.c:105:6:EEPROM_Read	64	static
eeprom.c:133:6:EEPROM_PageErase	104	static
eeprom.c:155:6:EEPROM_Write_NUM	16	static
eeprom.c:168:7:EEPROM_Read_NUM	24	static
eeprom.c:179:6:EEPROM_Read_UserSetting	16	static
eeprom.c:191:6:EEPROM_Save_UserSetting	16	static
eeprom.c:206:6:EEPROM_Read_VolumeSettings	16	static
eeprom.c:219:6:EEPROM_Save_VolumeSettings	16	static
eeprom.c:232:6:EEPROM_Read_FilterSettings	24	static
eeprom.c:245:6:EEPROM_Save_FilterSettings	24	static
eeprom.c:265:6:read_user_settings_on_init	8	static
