23:20:27 **** Incremental Build of configuration Debug for project tda7719 ****
make -j4 all 
arm-none-eabi-gcc "../Core/Src/TDA7719/TDA7719.c" -mcpu=cortex-m3 -std=gnu11 -g3 -DDEBUG -DUSE_HAL_DRIVER -DSTM32L152xE -c -I../Core/Inc -I../Drivers/STM32L1xx_HAL_Driver/Inc -I../Drivers/STM32L1xx_HAL_Driver/Inc/Legacy -I../Drivers/CMSIS/Device/ST/STM32L1xx/Include -I../Drivers/CMSIS/Include -O0 -ffunction-sections -fdata-sections -Wall -fstack-usage -MMD -MP -MF"Core/Src/TDA7719/TDA7719.d" -MT"Core/Src/TDA7719/TDA7719.o" --specs=nano.specs -mfloat-abi=soft -mthumb -o "Core/Src/TDA7719/TDA7719.o"
arm-none-eabi-gcc -o "tda7719.elf" @"objects.list"   -mcpu=cortex-m3 -T"F:\Amplituner\Software\STM32\tda7719\STM32L152RETX_FLASH.ld" --specs=nosys.specs -Wl,-Map="tda7719.map" -Wl,--gc-sections -static --specs=nano.specs -mfloat-abi=soft -mthumb -Wl,--start-group -lc -lm -Wl,--end-group
Finished building target: tda7719.elf
 
arm-none-eabi-size   tda7719.elf 
arm-none-eabi-objdump -h -S  tda7719.elf  > "tda7719.list"
arm-none-eabi-objcopy  -O binary  tda7719.elf  "tda7719.bin"
   text	   data	    bss	    dec	    hex	filename
  11656	     20	   1836	  13512	   34c8	tda7719.elf
Finished building: default.size.stdout
 
Finished building: tda7719.bin
 
Finished building: tda7719.list
 

23:20:28 Build Finished. 0 errors, 0 warnings. (took 1s.77ms)

