RDA5807m.c:21:6:RDA5807_WriteAllRegs	24	static
RDA5807m.c:44:6:RDA5807_Init	16	static
RDA5807m.c:55:6:RDA5807_PowerOn	8	static
RDA5807m.c:63:6:RDA5807_PowerOff	8	static
RDA5807m.c:69:6:RDA5807_Reset	8	static
RDA5807m.c:75:6:RDA5807_Volume	16	static
RDA5807m.c:89:6:RDA5807_BassBoost	8	static
RDA5807m.c:102:6:RDA5807_Mono	8	static
RDA5807m.c:115:6:RDA5807_Mute	8	static
RDA5807m.c:128:6:RDA5807_Softmute	8	static
RDA5807m.c:141:6:RDA5807_SoftBlend	8	static
RDA5807m.c:154:6:RDA5807_SeekUp	8	static
RDA5807m.c:161:6:RDA5807_SeekDown	8	static
RDA5807m.c:168:6:RDA5807_SetFrequency	24	static
RDA5807m.c:178:10:RDA5807_GetFrequency	4	static
RDA5807m.c:183:10:RDA5807_GetRSSI	4	static
RDA5807m.c:189:6:RDA5807_RDS	8	static
RDA5807m.c:202:6:RDA5807_RDSinit	8	static
RDA5807m.c:217:6:RDA5807_Read	24	static
