draws_display.c:96:6:Refresh_display	16	static
draws_display.c:194:6:SSD1322_Screen_Welcome	24	static
draws_display.c:223:6:SSD1322_Screen_Time	24	static
draws_display.c:243:6:SSD1322_Screen_Radio	24	static
draws_display.c:292:6:SSD1322_Screen_WakeUp	32	static
draws_display.c:316:6:SSD1322_Screen_FFT	32	static
draws_display.c:362:6:SSD1322_Screen_UVMeter	32	static
draws_display.c:387:6:SSD1322_Screen_OFF	24	static
draws_display.c:395:6:SSD1322_Screen_GoodBye	24	static
draws_display.c:404:6:SSD1322_Screen_SetClock	24	static
draws_display.c:412:6:SSD1322_Screen_SetAlarm	24	static
draws_display.c:490:6:SSD1322_Screen_Settings	24	static
draws_display.c:523:6:SSD1322_Screen_USB	24	static
draws_display.c:531:6:SSD1322_Screen_Time_Bouncing	32	static
draws_display.c:551:6:SSD1322_Screen_SetInput	24	static
draws_display.c:603:6:SSD1322_Screen_Encoder_Volume_Front	24	static
draws_display.c:617:6:SSD1322_Screen_Encoder_Volume_Back	24	static
draws_display.c:631:6:SSD1322_Screen_Encoder_Loudness	32	static
draws_display.c:649:6:SSD1322_Screen_Encoder_Treble	32	static
draws_display.c:685:6:SSD1322_Screen_Encoder_Middle	32	static
draws_display.c:722:6:SSD1322_Screen_Encoder_Bass	32	static
draws_display.c:765:6:draw_encoder_volume_front_scale	24	static
draws_display.c:851:6:draw_encoder_volume_back_scale	24	static
draws_display.c:917:6:draw_gain_and_freq_loudness	24	static
draws_display.c:961:6:draw_gain_and_freq	16	static
draws_display.c:1001:6:draw_nutka1	32	static
draws_display.c:1012:6:draw_nutka2	32	static
draws_display.c:1021:6:draw_nutka3	32	static
draws_display.c:1031:6:draw_nutka4	32	static
draws_display.c:1045:6:draw_nutka5	32	static
draws_display.c:1056:6:draw_speaker_left	24	static
draws_display.c:1074:6:draw_speaker_right	24	static
draws_display.c:1093:6:draw_UV_rectangle_scale	32	static
draws_display.c:1118:6:draw_UV_lines_scale	32	static
draws_display.c:1144:6:draw_freq_scale	32	static
draws_display.c:1170:6:draw_alarmsSource	24	static
draws_display.c:1219:6:draw_pointer	24	static
draws_display.c:1249:6:draw_refreshTime	24	static
draws_display.c:1278:6:draw_powerLED	24	static
draws_display.c:1305:6:draw_displayMode	24	static
draws_display.c:1333:6:set_saved_display	16	static
draws_display.c:1344:6:save_current_display_state	16	static
draws_display.c:1363:6:change_display_state	16	static
draws_display.c:1394:6:refresh_timer_state	8	static
draws_display.c:1407:6:ChangeDateToArrayChar	24	static
draws_display.c:1436:6:ChangeDateToArrayCharTime	16	static
draws_display.c:1481:9:SplitNumberToDignits	16	static
draws_display.c:1489:10:map	24	static
draws_display.c:1495:6:ConvertDateToBuffer	32	static
draws_display.c:1584:7:prepare_RDS_text	24	static
draws_display.c:1615:8:get_random_coords	24	static
draws_display.c:1647:6:make_array	48	static
