SSD1322_HW_Driver.c:35:6:SSD1322_HW_drive_CS_low	8	static
SSD1322_HW_Driver.c:46:6:SSD1322_HW_drive_CS_high	8	static
SSD1322_HW_Driver.c:57:6:SSD1322_HW_drive_DC_low	8	static
SSD1322_HW_Driver.c:68:6:SSD1322_HW_drive_DC_high	8	static
SSD1322_HW_Driver.c:79:6:SSD1322_HW_drive_RESET_low	8	static
SSD1322_HW_Driver.c:90:6:SSD1322_HW_drive_RESET_high	8	static
SSD1322_HW_Driver.c:101:6:SSD1322_HW_SPI_send_byte	16	static
SSD1322_HW_Driver.c:121:6:SSD1322_HW_SPI_send_array	16	static
SSD1322_HW_Driver.c:143:6:SSD1322_HW_msDelay	16	static
