SSD1322_API.c:11:6:SSD1322_API_command	16	static
SSD1322_API.c:23:6:SSD1322_API_data	16	static
SSD1322_API.c:35:6:SSD1322_API_init	8	static
SSD1322_API.c:92:6:SSD1322_API_set_display_mode	16	static
SSD1322_API.c:115:6:SSD1322_API_sleep_on	8	static
SSD1322_API.c:124:6:SSD1322_API_sleep_off	8	static
SSD1322_API.c:133:6:SSD1322_API_set_contrast	16	static
SSD1322_API.c:143:6:SSD1322_API_set_brightness	16	static
SSD1322_API.c:164:9:SSD1322_API_custom_grayscale	24	static
SSD1322_API.c:181:6:SSD1322_API_default_grayscale	8	static
SSD1322_API.c:195:6:SSD1322_API_set_window	24	static
SSD1322_API.c:214:6:SSD1322_API_send_buffer	16	static
SSD1322_API.c:227:6:display_init_on_start	16	static
SSD1322_API.c:239:6:set_change_time_of_display	16	static
SSD1322_API.c:248:6:display_on_standby_mode	8	static
